[배치 시작] 작업 배치 실행 | 작업 배치를 시작합니다. {"batchId":"batch-5636d161","taskCount":10,"maxRuntimeFailures":3} | 2026-04-23T18:43:55.796Z
-------task 01----------
[반복 시작] 작업 배치 실행 task 01 | 반복을 시작합니다. {"iteration":51,"acceptedHeadCandidateId":"cand-3c7d9856","acceptedHeadScore":0.37000000000000005,"improvementSource":"accepted_head"} | 2026-04-23T18:43:55.838Z
[가설 준비] 작업 배치 실행 task 01 | 가설을 준비했습니다. {"hypothesis":"QQQ 120m hard-gate-passing strategy improvement avoiding hard_gate_fail, hard_gate_fail, mutation_generation_fail, mutation_generation_fail, mutation_generation_fail","nextMutationDirection":"Tighten exit behavior when losing trades continue into deeper drawdown."} | 2026-04-23T18:43:55.839Z
[변형 브리프] 작업 배치 실행 task 01 | 변형 브리프를 준비했습니다. {"recentFailures":["hard_gate_fail","hard_gate_fail","mutation_generation_fail","mutation_generation_fail","mutation_generation_fail"],"recentLossSummary":"Analyzed 25 losing trades. Largest loss cluster appeared in trend_up.","lossHotZones":["trend_up:16","range_squeeze:5","range:4","trend_up:weak_exit:1"],"forbiddenPatterns":["Do not remove strategy() declaration.","Do not emit empty or placeholder Pine code.","Do not leave TODO, placeholder, or markdown fence text inside pineScript.","Do not use ta.adx(); use Pine v5-safe manual DMI/ADX logic if ADX is required.","Do not optimize for fewer than the minimum required trades."]} | 2026-04-23T18:43:55.840Z
[변형 응답] 작업 배치 실행 task 01 | 변형 응답을 받았습니다. {"responseLength":7010} | 2026-04-23T18:45:37.218Z
[변형 해석] 작업 배치 실행 task 01 | 변형 응답을 해석했습니다. {"candidateSummary":"Adds drawdown-aware exit tightening to the baseline long-only EMA/RSI strategy by introducing ATR-based protective stop, profit target, break-even promotion, and a time-based fail exit when trades stall. Includes manual DMI/ADX filter to avoid weaker long entries while preserving trade count potential on QQQ 120m.","conditionCount":4} | 2026-04-23T18:45:37.221Z
[생성 사전 점검] 작업 배치 실행 task 01 | Pine 생성 사전 점검을 마쳤습니다. {"issueCount":0,"blockingIssueCount":0,"warningIssueCount":0,"issueCodes":[]} | 2026-04-23T18:45:37.222Z
[후보 저장] 작업 배치 실행 task 01 | 후보 아티팩트를 저장했습니다. {"candidateId":"cand-a7504bd5","candidatePath":"C:\\Users\\hanji\\Desktop\\AF\\strategies\\candidates\\cand-a7504bd5.pine","parentCandidateId":"cand-3c7d9856","studyTitle":"AF Mock Candidate [cand-3c7d9856]-mutA [cand-a7504bd5]"} | 2026-04-23T18:45:37.224Z
[실행 대상 갱신] 작업 배치 실행 task 01 | 실행 대상 Pine 파일을 갱신했습니다. {"runtimeTargetPath":"C:\\Users\\hanji\\Desktop\\AF\\strategies\\source\\runtime_target.pine","studyTitle":"AF Mock Candidate [cand-3c7d9856]-mutA [cand-a7504bd5]"} | 2026-04-23T18:45:37.227Z
[실행 표면 준비] 작업 배치 실행 task 01 | 평가 실행 표면 준비를 마쳤습니다. {"symbol":"QQQ","timeframe":"120","chartType":"candles"} | 2026-04-23T18:45:37.272Z
[Pine 소스 반영] 작업 배치 실행 task 01 | Pine 소스를 반영했습니다. {"candidateId":"cand-a7504bd5","studyTitle":"AF Mock Candidate [cand-3c7d9856]-mutA [cand-a7504bd5]"} | 2026-04-23T18:45:37.291Z
[컴파일] 작업 배치 실행 task 01 | 컴파일을 마쳤습니다. {"ok":true,"errors":[]} | 2026-04-23T18:45:41.406Z
[전략 적용] 작업 배치 실행 task 01 | 전략 적용을 마쳤습니다. {"ok":true,"message":"Pine strategy attached to chart.","expectedStudyTitle":"AF Mock Candidate [cand-3c7d9856]-mutA [cand-a7504bd5]","detectedStudyTitle":"AF Mock Candidate [cand-3c7d9856]-mutA [cand-a7504bd5]"} | 2026-04-23T18:45:41.421Z
[백테스트 지표] 작업 배치 실행 task 01 | 백테스트 지표를 수집했습니다. {"totalTrades":40,"netProfitPercent":-0.033338,"postFeeNetProfitPercent":-0.033338,"tradesCollected":40,"equityPoints":0} | 2026-04-23T18:45:41.430Z
[analysis.loss_zones] 작업 배치 실행 task 01 | Loss-zone analysis completed {"status":"available","summary":"Analyzed 28 losing trades. Largest loss cluster appeared in trend_up.","topLossZones":["trend_up:14","range_squeeze:8","range:5","range_squeeze:weak_exit:4","range:late_entry:1"],"repairPriorities":["Reduce counter-trend long entries during trend_down regimes.","Reduce overextended entries when price is materially above EMA20.","Avoid late entries after short-window upside extension.","Tighten exit behavior when losing trades continue into deeper drawdown."]} | 2026-04-23T18:45:41.484Z
[목적 함수 평가] 작업 배치 실행 task 01 | 목적 함수를 평가했습니다. {"decision":"hard_gate_fail","score":0.22219092811031457,"hardGatesPassed":false,"softGuardrailBreached":false} | 2026-04-23T18:45:41.486Z
[조건 기여도 계산] 작업 배치 실행 task 01 | 조건별 기여도를 계산했습니다. {"contributionCount":4} | 2026-04-23T18:52:34.210Z
[상태 기록] 작업 배치 실행 task 01 | 실험 기록과 인덱스 재생성을 마쳤습니다. {"candidateId":"cand-a7504bd5","decision":"hard_gate_fail","score":0.22219092811031457} | 2026-04-23T18:52:34.248Z
[배치 진행] 작업 배치 실행 task 01 | 작업 배치 진행 상황을 갱신했습니다. {"batchId":"batch-5636d161","completedTaskCount":1,"runtimeFailureCount":0,"lastDecision":"hard_gate_fail"} | 2026-04-23T18:52:34.254Z
-------task 02----------
[반복 시작] 작업 배치 실행 task 02 | 반복을 시작합니다. {"iteration":52,"acceptedHeadCandidateId":"cand-3c7d9856","acceptedHeadScore":0.37000000000000005,"improvementSource":"accepted_head"} | 2026-04-23T18:52:34.296Z
[가설 준비] 작업 배치 실행 task 02 | 가설을 준비했습니다. {"hypothesis":"QQQ 120m hard-gate-passing strategy improvement avoiding hard_gate_fail, mutation_generation_fail, mutation_generation_fail, mutation_generation_fail, hard_gate_fail","nextMutationDirection":"Reduce counter-trend long entries during trend_down regimes. Reduce overextended entries when price is materially above EMA20. Avoid late entries after short-window upside extension. Tighten exit behavior when losing trades continue into deeper drawdown."} | 2026-04-23T18:52:34.297Z
[변형 브리프] 작업 배치 실행 task 02 | 변형 브리프를 준비했습니다. {"recentFailures":["hard_gate_fail","mutation_generation_fail","mutation_generation_fail","mutation_generation_fail","hard_gate_fail"],"recentLossSummary":"Analyzed 28 losing trades. Largest loss cluster appeared in trend_up.","lossHotZones":["trend_up:14","range_squeeze:8","range:5","range_squeeze:weak_exit:4","range:late_entry:1"],"forbiddenPatterns":["Do not remove strategy() declaration.","Do not emit empty or placeholder Pine code.","Do not leave TODO, placeholder, or markdown fence text inside pineScript.","Do not use ta.adx(); use Pine v5-safe manual DMI/ADX logic if ADX is required.","Do not optimize for fewer than the minimum required trades."]} | 2026-04-23T18:52:34.298Z
[변형 응답] 작업 배치 실행 task 02 | 변형 응답을 받았습니다. {"responseLength":8397} | 2026-04-23T18:54:33.535Z
[변형 해석] 작업 배치 실행 task 02 | 변형 응답을 해석했습니다. {"candidateSummary":"Long-only EMA crossover mutation for QQQ 120m that adds regime and extension gates plus tighter loss control. It blocks longs during bearish trend regimes, avoids chasing price too far above EMA20 after short-term upside bursts, and uses ATR-based protective exits with a timed weak-trade exit to reduce drawdown while preserving trade count.","conditionCount":10} | 2026-04-23T18:54:33.545Z
[생성 사전 점검] 작업 배치 실행 task 02 | Pine 생성 사전 점검을 마쳤습니다. {"issueCount":0,"blockingIssueCount":0,"warningIssueCount":0,"issueCodes":[]} | 2026-04-23T18:54:33.545Z
[후보 저장] 작업 배치 실행 task 02 | 후보 아티팩트를 저장했습니다. {"candidateId":"cand-84845768","candidatePath":"C:\\Users\\hanji\\Desktop\\AF\\strategies\\candidates\\cand-84845768.pine","parentCandidateId":"cand-3c7d9856","studyTitle":"AF Mutation QQQ 120m Hard Gate [cand-84845768]"} | 2026-04-23T18:54:33.547Z
[실행 대상 갱신] 작업 배치 실행 task 02 | 실행 대상 Pine 파일을 갱신했습니다. {"runtimeTargetPath":"C:\\Users\\hanji\\Desktop\\AF\\strategies\\source\\runtime_target.pine","studyTitle":"AF Mutation QQQ 120m Hard Gate [cand-84845768]"} | 2026-04-23T18:54:33.549Z
[실행 표면 준비] 작업 배치 실행 task 02 | 평가 실행 표면 준비를 마쳤습니다. {"symbol":"QQQ","timeframe":"120","chartType":"candles"} | 2026-04-23T18:54:33.570Z
[Pine 소스 반영] 작업 배치 실행 task 02 | Pine 소스를 반영했습니다. {"candidateId":"cand-84845768","studyTitle":"AF Mutation QQQ 120m Hard Gate [cand-84845768]"} | 2026-04-23T18:54:33.591Z
[컴파일] 작업 배치 실행 task 02 | 컴파일을 마쳤습니다. {"ok":true,"errors":[]} | 2026-04-23T18:54:37.719Z
[전략 적용] 작업 배치 실행 task 02 | 전략 적용을 마쳤습니다. {"ok":true,"message":"Pine strategy attached to chart.","expectedStudyTitle":"AF Mutation QQQ 120m Hard Gate [cand-84845768]","detectedStudyTitle":"AF Mutation QQQ 120m Hard Gate [cand-84845768]"} | 2026-04-23T18:54:37.725Z
[백테스트 지표] 작업 배치 실행 task 02 | 백테스트 지표를 수집했습니다. {"totalTrades":48,"netProfitPercent":-0.031195,"postFeeNetProfitPercent":-0.031195,"tradesCollected":48,"equityPoints":0} | 2026-04-23T18:54:37.732Z
[analysis.loss_zones] 작업 배치 실행 task 02 | Loss-zone analysis completed {"status":"available","summary":"Analyzed 34 losing trades. Largest loss cluster appeared in trend_up.","topLossZones":["trend_up:15","range:10","range_squeeze:8","range_squeeze:weak_exit:5","range:weak_exit:5"],"repairPriorities":["Reduce counter-trend long entries during trend_down regimes.","Avoid late entries after short-window upside extension.","Tighten exit behavior when losing trades continue into deeper drawdown."]} | 2026-04-23T18:54:37.787Z
[목적 함수 평가] 작업 배치 실행 task 02 | 목적 함수를 평가했습니다. {"decision":"hard_gate_fail","score":0.22678177306994787,"hardGatesPassed":false,"softGuardrailBreached":false} | 2026-04-23T18:54:37.788Z
[조건 기여도 계산] 작업 배치 실행 task 02 | 조건별 기여도를 계산했습니다. {"contributionCount":5} | 2026-04-23T19:04:44.134Z
[상태 기록] 작업 배치 실행 task 02 | 실험 기록과 인덱스 재생성을 마쳤습니다. {"candidateId":"cand-84845768","decision":"hard_gate_fail","score":0.22678177306994787} | 2026-04-23T19:04:44.154Z
[배치 진행] 작업 배치 실행 task 02 | 작업 배치 진행 상황을 갱신했습니다. {"batchId":"batch-5636d161","completedTaskCount":2,"runtimeFailureCount":0,"lastDecision":"hard_gate_fail"} | 2026-04-23T19:04:44.158Z
-------task 03----------
[반복 시작] 작업 배치 실행 task 03 | 반복을 시작합니다. {"iteration":53,"acceptedHeadCandidateId":"cand-3c7d9856","acceptedHeadScore":0.37000000000000005,"improvementSource":"accepted_head"} | 2026-04-23T19:04:44.198Z
[가설 준비] 작업 배치 실행 task 03 | 가설을 준비했습니다. {"hypothesis":"QQQ 120m hard-gate-passing strategy improvement avoiding mutation_generation_fail, mutation_generation_fail, mutation_generation_fail, hard_gate_fail, hard_gate_fail","nextMutationDirection":"Reduce counter-trend long entries during trend_down regimes. Avoid late entries after short-window upside extension. Tighten exit behavior when losing trades continue into deeper drawdown."} | 2026-04-23T19:04:44.198Z
[변형 브리프] 작업 배치 실행 task 03 | 변형 브리프를 준비했습니다. {"recentFailures":["mutation_generation_fail","mutation_generation_fail","mutation_generation_fail","hard_gate_fail","hard_gate_fail"],"recentLossSummary":"Analyzed 34 losing trades. Largest loss cluster appeared in trend_up.","lossHotZones":["trend_up:15","range:10","range_squeeze:8","range_squeeze:weak_exit:5","range:weak_exit:5"],"forbiddenPatterns":["Do not remove strategy() declaration.","Do not emit empty or placeholder Pine code.","Do not leave TODO, placeholder, or markdown fence text inside pineScript.","Do not use ta.adx(); use Pine v5-safe manual DMI/ADX logic if ADX is required.","Do not optimize for fewer than the minimum required trades."]} | 2026-04-23T19:04:44.199Z
[변형 응답] 작업 배치 실행 task 03 | 변형 응답을 받았습니다. {"responseLength":7793} | 2026-04-23T19:06:34.745Z
[변형 해석] 작업 배치 실행 task 03 | 변형 응답을 해석했습니다. {"candidateSummary":"Long-only trend-following mutation for QQQ 120m that hardens regime gating and exit behavior. It keeps the EMA crossover backbone but blocks counter-trend participation with higher-timeframe trend confirmation, DMI/ADX strength, and anti-extension filters. It also adds ATR-based protective stop, profit target, trailing logic, and a time-fail exit to reduce deep losers while preserving trade count.","conditionCount":12} | 2026-04-23T19:06:34.754Z
[생성 사전 점검] 작업 배치 실행 task 03 | Pine 생성 사전 점검을 마쳤습니다. {"issueCount":0,"blockingIssueCount":0,"warningIssueCount":0,"issueCodes":[]} | 2026-04-23T19:06:34.756Z
[후보 저장] 작업 배치 실행 task 03 | 후보 아티팩트를 저장했습니다. {"candidateId":"cand-f3232164","candidatePath":"C:\\Users\\hanji\\Desktop\\AF\\strategies\\candidates\\cand-f3232164.pine","parentCandidateId":"cand-3c7d9856","studyTitle":"AF Mutation Trend Gate QQQ 120m [cand-f3232164]"} | 2026-04-23T19:06:34.758Z
[실행 대상 갱신] 작업 배치 실행 task 03 | 실행 대상 Pine 파일을 갱신했습니다. {"runtimeTargetPath":"C:\\Users\\hanji\\Desktop\\AF\\strategies\\source\\runtime_target.pine","studyTitle":"AF Mutation Trend Gate QQQ 120m [cand-f3232164]"} | 2026-04-23T19:06:34.762Z
[실행 표면 준비] 작업 배치 실행 task 03 | 평가 실행 표면 준비를 마쳤습니다. {"symbol":"QQQ","timeframe":"120","chartType":"candles"} | 2026-04-23T19:06:34.780Z
[Pine 소스 반영] 작업 배치 실행 task 03 | Pine 소스를 반영했습니다. {"candidateId":"cand-f3232164","studyTitle":"AF Mutation Trend Gate QQQ 120m [cand-f3232164]"} | 2026-04-23T19:06:34.802Z
[컴파일] 작업 배치 실행 task 03 | 컴파일을 마쳤습니다. {"ok":true,"errors":[]} | 2026-04-23T19:06:38.933Z
[전략 적용] 작업 배치 실행 task 03 | 전략 적용을 마쳤습니다. {"ok":true,"message":"Pine strategy attached to chart.","expectedStudyTitle":"AF Mutation Trend Gate QQQ 120m [cand-f3232164]","detectedStudyTitle":"AF Mutation Trend Gate QQQ 120m [cand-f3232164]"} | 2026-04-23T19:06:38.944Z
[백테스트 지표] 작업 배치 실행 task 03 | 백테스트 지표를 수집했습니다. {"totalTrades":9,"netProfitPercent":-0.006519,"postFeeNetProfitPercent":-0.006519,"tradesCollected":9,"equityPoints":0} | 2026-04-23T19:06:38.949Z
[analysis.loss_zones] 작업 배치 실행 task 03 | Loss-zone analysis completed {"status":"available","summary":"Analyzed 6 losing trades. Largest loss cluster appeared in trend_up.","topLossZones":["trend_up:3","range_squeeze:2","range_squeeze:weak_exit:2","range:1","range:weak_exit:1"],"repairPriorities":["Tighten exit behavior when losing trades continue into deeper drawdown."]} | 2026-04-23T19:06:38.964Z
[목적 함수 평가] 작업 배치 실행 task 03 | 목적 함수를 평가했습니다. {"decision":"hard_gate_fail","score":0.22350965794079128,"hardGatesPassed":false,"softGuardrailBreached":false} | 2026-04-23T19:06:38.966Z
