[배치 시작] 작업 배치 실행 | 작업 배치를 시작합니다. {"batchId":"batch-f8d16051","taskCount":10,"maxRuntimeFailures":3} | 2026-04-23T18:40:16.505Z
-------task 01----------
[반복 시작] 작업 배치 실행 task 01 | 반복을 시작합니다. {"iteration":48,"acceptedHeadCandidateId":"cand-3c7d9856","acceptedHeadScore":0.37000000000000005,"improvementSource":"accepted_head"} | 2026-04-23T18:40:16.556Z
[가설 준비] 작업 배치 실행 task 01 | 가설을 준비했습니다. {"hypothesis":"QQQ 120m hard-gate-passing strategy improvement avoiding backtest_empty, hard_gate_fail, backtest_empty, hard_gate_fail, hard_gate_fail","nextMutationDirection":"Tighten exit behavior when losing trades continue into deeper drawdown."} | 2026-04-23T18:40:16.557Z
[변형 브리프] 작업 배치 실행 task 01 | 변형 브리프를 준비했습니다. {"recentFailures":["backtest_empty","hard_gate_fail","backtest_empty","hard_gate_fail","hard_gate_fail"],"recentLossSummary":"Analyzed 25 losing trades. Largest loss cluster appeared in trend_up.","lossHotZones":["trend_up:16","range_squeeze:5","range:4","trend_up:weak_exit:1"],"forbiddenPatterns":["Do not remove strategy() declaration.","Do not emit empty or placeholder Pine code.","Do not leave TODO, placeholder, or markdown fence text inside pineScript.","Do not use ta.adx(); use Pine v5-safe manual DMI/ADX logic if ADX is required.","Do not optimize for fewer than the minimum required trades."]} | 2026-04-23T18:40:16.558Z
[생성 실패 기록] 작업 배치 실행 task 01 | Pine 생성 실패를 기록했습니다. {"candidateId":"genfail-de9b23c9","incidentType":"mutation_request_failed","artifactPath":"C:\\Users\\hanji\\Desktop\\AF\\state\\pi-autoresearch\\evidence\\runtime\\mutation-mutation_request_failed-48-evt-6dd11337.json"} | 2026-04-23T18:40:26.298Z
[배치 진행] 작업 배치 실행 task 01 | 작업 배치 진행 상황을 갱신했습니다. {"batchId":"batch-f8d16051","completedTaskCount":1,"runtimeFailureCount":1,"lastDecision":"mutation_generation_fail"} | 2026-04-23T18:40:26.305Z
-------task 02----------
[반복 시작] 작업 배치 실행 task 02 | 반복을 시작합니다. {"iteration":49,"acceptedHeadCandidateId":"cand-3c7d9856","acceptedHeadScore":0.37000000000000005,"improvementSource":"accepted_head"} | 2026-04-23T18:40:26.355Z
[가설 준비] 작업 배치 실행 task 02 | 가설을 준비했습니다. {"hypothesis":"QQQ 120m hard-gate-passing strategy improvement avoiding hard_gate_fail, backtest_empty, hard_gate_fail, hard_gate_fail, mutation_generation_fail","nextMutationDirection":"Tighten exit behavior when losing trades continue into deeper drawdown."} | 2026-04-23T18:40:26.355Z
[변형 브리프] 작업 배치 실행 task 02 | 변형 브리프를 준비했습니다. {"recentFailures":["hard_gate_fail","backtest_empty","hard_gate_fail","hard_gate_fail","mutation_generation_fail"],"recentLossSummary":"Analyzed 25 losing trades. Largest loss cluster appeared in trend_up.","lossHotZones":["trend_up:16","range_squeeze:5","range:4","trend_up:weak_exit:1"],"forbiddenPatterns":["Do not remove strategy() declaration.","Do not emit empty or placeholder Pine code.","Do not leave TODO, placeholder, or markdown fence text inside pineScript.","Do not use ta.adx(); use Pine v5-safe manual DMI/ADX logic if ADX is required.","Do not optimize for fewer than the minimum required trades."]} | 2026-04-23T18:40:26.356Z
[생성 실패 기록] 작업 배치 실행 task 02 | Pine 생성 실패를 기록했습니다. {"candidateId":"genfail-9c763446","incidentType":"mutation_request_failed","artifactPath":"C:\\Users\\hanji\\Desktop\\AF\\state\\pi-autoresearch\\evidence\\runtime\\mutation-mutation_request_failed-49-evt-add2f616.json"} | 2026-04-23T18:40:26.381Z
[배치 진행] 작업 배치 실행 task 02 | 작업 배치 진행 상황을 갱신했습니다. {"batchId":"batch-f8d16051","completedTaskCount":2,"runtimeFailureCount":2,"lastDecision":"mutation_generation_fail"} | 2026-04-23T18:40:26.388Z
-------task 03----------
[반복 시작] 작업 배치 실행 task 03 | 반복을 시작합니다. {"iteration":50,"acceptedHeadCandidateId":"cand-3c7d9856","acceptedHeadScore":0.37000000000000005,"improvementSource":"accepted_head"} | 2026-04-23T18:40:26.439Z
[가설 준비] 작업 배치 실행 task 03 | 가설을 준비했습니다. {"hypothesis":"QQQ 120m hard-gate-passing strategy improvement avoiding backtest_empty, hard_gate_fail, hard_gate_fail, mutation_generation_fail, mutation_generation_fail","nextMutationDirection":"Tighten exit behavior when losing trades continue into deeper drawdown."} | 2026-04-23T18:40:26.439Z
[변형 브리프] 작업 배치 실행 task 03 | 변형 브리프를 준비했습니다. {"recentFailures":["backtest_empty","hard_gate_fail","hard_gate_fail","mutation_generation_fail","mutation_generation_fail"],"recentLossSummary":"Analyzed 25 losing trades. Largest loss cluster appeared in trend_up.","lossHotZones":["trend_up:16","range_squeeze:5","range:4","trend_up:weak_exit:1"],"forbiddenPatterns":["Do not remove strategy() declaration.","Do not emit empty or placeholder Pine code.","Do not leave TODO, placeholder, or markdown fence text inside pineScript.","Do not use ta.adx(); use Pine v5-safe manual DMI/ADX logic if ADX is required.","Do not optimize for fewer than the minimum required trades."]} | 2026-04-23T18:40:26.440Z
[생성 실패 기록] 작업 배치 실행 task 03 | Pine 생성 실패를 기록했습니다. {"candidateId":"genfail-540aa6ec","incidentType":"mutation_request_failed","artifactPath":"C:\\Users\\hanji\\Desktop\\AF\\state\\pi-autoresearch\\evidence\\runtime\\mutation-mutation_request_failed-50-evt-24f1ba7f.json"} | 2026-04-23T18:40:26.468Z
[배치 진행] 작업 배치 실행 task 03 | 작업 배치 진행 상황을 갱신했습니다. {"batchId":"batch-f8d16051","completedTaskCount":3,"runtimeFailureCount":3,"lastDecision":"mutation_generation_fail"} | 2026-04-23T18:40:26.472Z
[배치 완료] 작업 배치 실행 | 작업 배치를 완료했습니다. {"batchId":"batch-f8d16051","status":"stopped","completedTaskCount":0,"runtimeFailureCount":3,"stopReason":"generation failures reached 3"} | 2026-04-23T18:40:26.502Z
