[2026-05-01T09:20:39.9581985+09:00] autonomous forever loop started; pid=20452; project=C:\Users\hanji\Desktop\AF
[2026-05-01T09:20:39.9601992+09:00] stop file: C:\Users\hanji\Desktop\AF\state\pi-autoresearch\runtime\STOP_AUTONOMOUS_LOOP
[2026-05-01T09:20:39.9897672+09:00] iteration 1: run-autonomous-loop start
??injected env (11) from .env // tip: ??secrets for agents [www.dotenvx.com]
[autonomous.loop.start] run-autonomous-loop | Starting autonomous local-first loop | 2026-05-01T00:20:40.251Z
[iteration.started] run-autonomous-loop | Starting autonomous iteration | 2026-05-01T00:20:40.253Z
[phase.started] run-autonomous-loop | Initializing autonomous workspace | 2026-05-01T00:20:40.255Z
[phase.completed] run-autonomous-loop | Initializing autonomous workspace | 2026-05-01T00:20:42.078Z
[phase.started] run-autonomous-loop | Generating autonomous mutation candidate | 2026-05-01T00:20:43.253Z
[autonomous.mutation.request] run-autonomous-loop | Sending autonomous mutation request | 2026-05-01T00:20:43.254Z
[autonomous.mutation.preflight_blocked] run-autonomous-loop | Pine ?앹꽦 ?ъ쟾 ?먭??먯꽌 李⑤떒 ?댁뒋瑜?諛쒓껄?덉뒿?덈떎. | 2026-05-01T00:22:25.244Z
[autonomous.mutation.preflight_deterministic_repair] run-autonomous-loop | Applied deterministic time-boxed mutation preflight repair | 2026-05-01T00:22:25.250Z
[phase.completed] run-autonomous-loop | Generating autonomous mutation candidate | 2026-05-01T00:22:25.258Z
[phase.started] run-autonomous-loop | Evaluating autonomous candidate locally | 2026-05-01T00:22:25.259Z
[autonomous.market_context_ready] run-autonomous-loop | Local-first market context is ready | 2026-05-01T00:22:25.267Z
[autonomous.local_evaluation] run-autonomous-loop | Local autonomous evaluation completed | 2026-05-01T00:22:25.354Z
[phase.completed] run-autonomous-loop | Evaluating autonomous candidate locally | 2026-05-01T00:22:25.390Z
[phase.started] run-autonomous-loop | Updating autonomous archive views | 2026-05-01T00:22:25.391Z
[phase.completed] run-autonomous-loop | Updating autonomous archive views | 2026-05-01T00:22:25.398Z
[phase.started] run-autonomous-loop | Queueing candidate for TradingView calibration | 2026-05-01T00:22:25.398Z
[phase.completed] run-autonomous-loop | Queueing candidate for TradingView calibration | 2026-05-01T00:22:25.402Z
[phase.started] run-autonomous-loop | Selecting active autonomous champion | 2026-05-01T00:22:26.340Z
[phase.completed] run-autonomous-loop | Selecting active autonomous champion | 2026-05-01T00:22:26.850Z
[phase.started] run-autonomous-loop | Rebuilding derived autonomous views | 2026-05-01T00:22:26.853Z
[phase.completed] run-autonomous-loop | Rebuilding derived autonomous views | 2026-05-01T00:22:28.902Z
[iteration.completed] run-autonomous-loop | Autonomous iteration completed | 2026-05-01T00:22:28.903Z
{
  "countRequested": 1,
  "countCompleted": 1,
  "countFailed": 0,
  "results": [
    {
      "runId": "autonomous-1777594840254",
      "iteration": 586,
      "candidateId": "cand-b8e26ed1",
      "localDecision": "local_candidate_eligible",
      "activeChampionChanged": false,
      "activeChampionCandidateId": "cand-42ed2fa4"
    }
  ],
  "deadlineBreaches": [],
  "autonomousState": {
    "generatedAt": "2026-05-01T00:22:30.447Z",
    "activeChampionCandidateId": "cand-42ed2fa4",
    "activeChampionScore": 0.7879,
    "activeChampionDecision": "local_candidate_eligible",
    "championOrigin": "autonomous",
    "researchMaturity": "steady_state",
    "selectedBy": "auto_policy",
    "selectionPolicyVersion": "autonomous-local-first/v3-p0",
    "objectivePolicyVersion": "objective.qqq-120m/v1",
    "headEventCount": 2,
    "archiveEventCount": 278,
    "calibrationEventCount": 293,
    "calibrationCandidateCount": 265,
    "divergenceCount": 27,
    "localConfidenceUpdateCount": 27,
    "problemEventCount": 184,
    "repairAttemptCount": 86,
    "localEvaluationCount": 366,
    "localEligibleCount": 205,
    "bootstrapCompatibleCount": 0,
    "bootstrapEligibleCount": 0,
    "bootstrapStatus": "not_started",
    "bootstrapSource": null,
    "bootstrapReason": null,
    "localRejectedCount": 156,
    "topBlockingReason": "low_trade_count",
    "pendingCalibrationCandidateCount": 237,
    "pendingCalibrationCandidateIds": [
      "cand-0e6a0180",
      "cand-9f33e80b",
      "cand-772d8a1e",
      "cand-f28d2e01",
      "cand-9a5dbcc7",
      "cand-b01be933",
      "cand-0a692f84",
      "cand-4f8faae3",
      "cand-35a74bba",
      "cand-c6b25611",
      "cand-ccdae17b",
      "cand-b8102dcd",
      "cand-8a1fe27b",
      "cand-ebbdd6a9",
      "cand-80dfaaa1",
      "cand-03f30a70",
      "cand-2f290563",
      "cand-e76cded5",
      "cand-710d8bc6",
      "cand-dd7e63cf",
      "cand-949bf032",
      "cand-b14595e0",
      "cand-90dc4ec3",
      "cand-f1103886",
      "cand-77224b87",
      "cand-55f47b32",
      "cand-cb18c54a",
      "cand-8a1a7cf2",
      "cand-db12aa7d",
      "cand-eb3175fc",
      "cand-ce89005b",
      "cand-b333865d",
      "cand-14f5f8ff",
      "cand-87a7fa06",
      "cand-609d9f19",
      "cand-09a0ae17",
      "cand-fbb3fb78",
      "cand-7bff0c1a",
      "cand-6e976c42",
      "cand-eaf67b92",
      "cand-ea5075a8",
      "cand-c0d6f969",
      "cand-946579c0",
      "cand-1638111b",
      "cand-840b49c0",
      "cand-a1b63e8c",
      "cand-d3fa966c",
      "cand-af6ef21e",
      "cand-c5832df6",
      "cand-57321a8c",
      "cand-3004b0f8",
      "cand-00644032",
      "cand-6272ab0f",
      "cand-7b341ad0",
      "cand-5c90b0de",
      "cand-350b7e7b",
      "cand-05218055",
      "cand-6ebbd52a",
      "cand-9edd626e",
      "cand-5d685d8a",
      "cand-addb3d5a",
      "cand-1a03e904",
      "cand-935b6a7d",
      "cand-11e460d8",
      "cand-58484f09",
      "cand-c3549cdc",
      "cand-e000c048",
      "cand-5927e5ca",
      "cand-7ae4d6eb",
      "cand-bd3c959f",
      "cand-ad98c7fd",
      "cand-a3456179",
      "cand-fa19c7db",
      "cand-8211114e",
      "cand-737e8acc",
      "cand-9ae5abb8",
      "cand-f68c494c",
      "cand-0cb06744",
      "cand-c4540c5e",
      "cand-887ba798",
      "cand-334ff9ed",
      "cand-1e7bb092",
      "cand-940106ac",
      "cand-b1575fba",
      "cand-1c1cb560",
      "cand-2ba5ca56",
      "cand-4e158d7d",
      "cand-ee1867a5",
      "cand-ccf655ee",
      "cand-2f2f67f1",
      "cand-dd0d4883",
      "cand-9e390b78",
      "cand-2b509e63",
      "cand-a42bb737",
      "cand-ba65a405",
      "cand-95b5fcb4",
      "cand-c1decc14",
      "cand-fad40100",
      "cand-3d99c3c3",
      "cand-ed6ed300",
      "cand-36473405",
      "cand-32556840",
      "cand-056beb3f",
      "cand-fef34f1d",
      "cand-4e58abee",
      "cand-6c095f1d",
      "cand-72fdbd0a",
      "cand-1a73f98c",
      "cand-60e5fb9a",
      "cand-fbd6e1cd",
      "cand-6fa9e64c",
      "cand-b3ce6dfd",
      "cand-d7b18242",
      "cand-cddf1147",
      "cand-a2b17756",
      "cand-4106d658",
      "cand-bf2319b1",
      "cand-1be3a1ed",
      "cand-ec8276d1",
      "cand-66da2fad",
      "cand-10487d69",
      "cand-a0b082a6",
      "cand-e1c37158",
      "cand-3924bc09",
      "cand-c5a37a36",
      "cand-9f921b3b",
      "cand-976660f2",
      "cand-1fd659d1",
      "cand-1ebe3284",
      "cand-a05583cb",
      "cand-68e1f6c0",
      "cand-939bafa7",
      "cand-5dfb966e",
      "cand-ec9d7a77",
      "cand-c9bd8a69",
      "cand-cad467d1",
      "cand-30ca4ecf",
      "cand-274a3d78",
      "cand-8f6a1544",
      "cand-be21675f",
      "cand-17c07e8f",
      "cand-60166f81",
      "cand-8f82de94",
      "cand-42460886",
      "cand-9295e93d",
      "cand-5a54f71c",
      "cand-a12eacdf",
      "cand-5b236726",
      "cand-dbfe05b6",
      "cand-eb4f9103",
      "cand-294a8337",
      "cand-54d331f7",
      "cand-303f93be",
      "cand-64ceccd8",
      "cand-82301049",
      "cand-cb926322",
      "cand-9740ccd3",
      "cand-45f69d7a",
      "cand-8195e18c",
      "cand-9ad02865",
      "cand-b0561318",
      "cand-77645d5d",
      "cand-3913b48a",
      "cand-d8c529f0",
      "cand-3e0617a5",
      "cand-796b47d8",
      "cand-da5bc8a6",
      "cand-6385aa99",
      "cand-ce0fb6b8",
      "cand-f53efe87",
      "cand-541078ba",
      "cand-102cde43",
      "cand-99a518c8",
      "cand-45eae1ed",
      "cand-5fa9bbca",
      "cand-58a6bc67",
      "cand-e2e95d0b",
      "cand-e7d44996",
      "cand-4fd1f661",
      "cand-f8a32482",
      "cand-65221fbc",
      "cand-0dcbc429",
      "cand-7237f414",
      "cand-13ab4eb7",
      "cand-03a62626",
      "cand-74403bc5",
      "cand-08afa655",
      "cand-8fc0ffa2",
      "cand-6b8a91fa",
      "cand-6b160ae4",
      "cand-e4ab8440",
      "cand-292c094d",
      "cand-bf066e31",
      "cand-bf45bffc",
      "cand-33777180",
      "cand-67548c32",
      "cand-af1ed124",
      "cand-fd3f325b",
      "cand-e8320fab",
      "cand-51877b36",
      "cand-f80d7394",
      "cand-d2b04e0c",
      "cand-d865401d",
      "cand-c2337d4e",
      "cand-bd0f8191",
      "cand-2e68882f",
      "cand-94bc57ed",
      "cand-93a15ca5",
      "cand-197cf126",
      "cand-4e21422c",
      "cand-cc3ed2d8",
      "cand-ad84fefa",
      "cand-e3e4e13a",
      "cand-6d2901b8",
      "cand-c7985187",
      "cand-a3fa7fcf",
      "cand-2181b4f2",
      "cand-e803ef34",
      "cand-cc7eb308",
      "cand-8c710851",
      "cand-8045892e",
      "cand-17273829",
      "cand-e3d89e08",
      "cand-118d9dbb",
      "cand-1a318968",
      "cand-5665b571",
      "cand-80f55e73",
      "cand-74341bb6",
      "cand-6a470e0a",
      "cand-bac89ce5",
      "cand-9a0a92b6",
      "cand-91ef422b",
      "cand-63b039ec",
      "cand-5f4ecea5",
      "cand-eb5c0c9f",
      "cand-f7398180",
      "cand-b8e26ed1"
    ],
    "recentProblemKinds": [
      "local_backtest_fail",
      "local_backtest_fail",
      "local_backtest_fail",
      "local_backtest_fail",
      "pine_preflight_fail"
    ],
    "recentRepairResults": [
      {
        "repairKind": "entry_frequency_repair",
        "result": "success",
        "repairedCandidateId": "cand-91ef422b",
        "summary": "Requested entry_frequency_repair after local_backtest_fail."
      },
      {
        "repairKind": "entry_frequency_repair",
        "result": "success",
        "repairedCandidateId": "cand-63b039ec",
        "summary": "Requested entry_frequency_repair after local_backtest_fail."
      },
      {
        "repairKind": "entry_frequency_repair",
        "result": "success",
        "repairedCandidateId": "cand-5f4ecea5",
        "summary": "Requested entry_frequency_repair after local_backtest_fail."
      },
      {
        "repairKind": "entry_frequency_repair",
        "result": "success",
        "repairedCandidateId": "cand-eb5c0c9f",
        "summary": "Requested entry_frequency_repair after local_backtest_fail."
      },
      {
        "repairKind": "pine_source_repair",
        "result": "success",
        "repairedCandidateId": "cand-b8e26ed1",
        "summary": "Applied deterministic time-boxed preflight repair after blocking sparse event-source issues."
      }
    ],
    "scoreFeedbackObserved": true,
    "stage6Readiness": {
      "generatedAt": "2026-04-30T05:22:53.680Z",
      "evaluated": true,
      "passed": true,
      "mode": "deterministic",
      "countRequested": 10,
      "countCompleted": 10,
      "countFailed": 0,
      "activeChampionCandidateId": "cand-a64e2088",
      "freshBootstrapPassed": true,
      "multiIterationPassed": true,
      "rootIsolationPassed": true,
      "repairTraceabilityPassed": true,
      "calibrationQueuePassed": true,
      "scoreFeedbackPassed": true,
      "feedbackClosureRequired": false,
      "calibrationMode": "queue_only",
      "ledgerValidationPassed": true,
      "indexVerificationPassed": true,
      "rootIsolationStatus": {
        "status": "passed",
        "customStateRoot": "C:\\Users\\hanji\\AppData\\Local\\Temp\\af-stage6-state-YAZZ8Y",
        "defaultWorkspaceStateRoot": "C:\\Users\\hanji\\AppData\\Local\\Temp\\af-stage6-workspace-Nnkt1H\\state\\pi-autoresearch",
        "customContextExists": true,
        "defaultWorkspaceStateHasArtifacts": false
      },
      "repairTraceabilityStatus": {
        "status": "passed",
        "successfulRepairCount": 10,
        "successfulRepairsWithoutCandidateCount": 0
      },
      "feedbackClosureStatus": {
        "status": "passed",
        "required": false,
        "promptFeedbackObserved": true,
        "scoreBreakdownFeedbackObserved": false,
        "divergenceCount": 0,
        "confidenceUpdateCount": 0
      },
      "evidence": {
        "tempWorkspaceRoot": null,
        "tempStateRoot": null,
        "localEvaluationCount": 19,
        "headEventCount": 2,
        "archiveEventCount": 11,
        "calibrationEventCount": 2,
        "mutationBriefCount": 18,
        "problemEventCount": 18,
        "repairAttemptCount": 10,
        "deadlineBreachCount": 0
      },
      "warnings": []
    },
    "lastStage6GatePassed": true,
    "rootIsolationStatus": {
      "status": "passed",
      "customStateRoot": "C:\\Users\\hanji\\AppData\\Local\\Temp\\af-stage6-state-YAZZ8Y",
      "defaultWorkspaceStateRoot": "C:\\Users\\hanji\\AppData\\Local\\Temp\\af-stage6-workspace-Nnkt1H\\state\\pi-autoresearch",
      "customContextExists": true,
      "defaultWorkspaceStateHasArtifacts": false
    },
    "repairTraceabilityStatus": {
      "status": "passed",
      "successfulRepairCount": 10,
      "successfulRepairsWithoutCandidateCount": 0
    },
    "feedbackClosureStatus": {
      "status": "passed",
      "required": false,
      "promptFeedbackObserved": true,
      "scoreBreakdownFeedbackObserved": false,
      "divergenceCount": 0,
      "confidenceUpdateCount": 0
    },
    "nextPlannedAction": "local_compatibility_repair",
    "loopMode": "local-first",
    "defaultOperationalView": "v3_autonomous_local_first",
    "projectRoot": "C:\\Users\\hanji\\Desktop\\AF",
    "workspaceRoot": "C:\\Users\\hanji\\Desktop\\AF",
    "stateRoot": "C:\\Users\\hanji\\Desktop\\AF\\state\\pi-autoresearch",
    "traceRoot": "C:\\Users\\hanji\\Desktop\\AF\\state\\pi-autoresearch\\traces",
    "artifactRoot": "C:\\Users\\hanji\\Desktop\\AF\\state\\pi-autoresearch\\artifacts",
    "evidenceRoot": "C:\\Users\\hanji\\Desktop\\AF\\state\\pi-autoresearch\\evidence",
    "runtimeRoot": "C:\\Users\\hanji\\Desktop\\AF\\state\\pi-autoresearch\\runtime",
    "tvVerificationCount": 28,
    "tvHealth": "unavailable",
    "calibrationAutoProcess": false,
    "calibrationMode": "queue_only",
    "lastTvSurfaceFailure": {
      "candidateId": "cand-c6235b65",
      "decision": "tv_surface_failure",
      "iteration": 279,
      "tvCalibrationStatus": "surface_failure",
      "recordedAt": "2026-04-29T18:46:19.526Z"
    },
    "humanOverride": false
  },
  "tracePath": "C:\\Users\\hanji\\Desktop\\AF\\state\\pi-autoresearch\\traces\\run-autonomous-loop-2026-05-01T00-20-40-251Z-trace-2e52b4a7.jsonl"
}
[2026-05-01T09:22:31.3306131+09:00] iteration 1: run-autonomous-loop exit=0
[2026-05-01T09:22:31.3351331+09:00] iteration 1: validate-ledger start
??injected env (11) from .env // tip: ??multiple files { path: ['.env.local', '.env'] }
[ledger.validation] validate-ledger | Ledger validation completed | 2026-05-01T00:22:34.889Z
{
  "ok": true,
  "errorCount": 0,
  "warningCount": 6,
  "issues": [
    {
      "severity": "warning",
      "scope": "experiment-record-meta",
      "recordId": "cand-f918d6d8",
      "message": "recordHash does not match the serialized experiment record."
    },
    {
      "severity": "warning",
      "scope": "experiment-record-meta",
      "recordId": "cand-3f99a396",
      "message": "recordHash does not match the serialized experiment record."
    },
    {
      "severity": "warning",
      "scope": "experiment-record-meta",
      "recordId": "cand-93a71a19",
      "message": "recordHash does not match the serialized experiment record."
    },
    {
      "severity": "warning",
      "scope": "experiment-record-meta",
      "recordId": "cand-560e2d3b",
      "message": "recordHash does not match the serialized experiment record."
    },
    {
      "severity": "warning",
      "scope": "experiment-record-meta",
      "recordId": "cand-24b4021d",
      "message": "recordHash does not match the serialized experiment record."
    },
    {
      "severity": "warning",
      "scope": "candidate-dedup",
      "recordId": "bfee8f4eb7eabba2047b8b2270beef764a3942811cda8134d75c15c171c0c26a",
      "message": "Duplicate candidate source hash detected across ids: cand-2a5e6ffe, cand-51397d04, cand-9cbc4c5f, cand-a93778fa, cand-bbb67c15, cand-fdc1ae65"
    }
  ],
  "summary": {
    "experiments": 586,
    "candidates": 536,
    "taskBatches": 131
  },
  "stateRoot": "C:\\Users\\hanji\\Desktop\\AF\\state\\pi-autoresearch",
  "tracePath": "C:\\Users\\hanji\\Desktop\\AF\\state\\pi-autoresearch\\traces\\validate-ledger-2026-05-01T00-22-31-628Z-trace-454d1c34.jsonl"
}
[2026-05-01T09:22:34.9702409+09:00] iteration 1: validate-ledger exit=0
[2026-05-01T09:22:34.9715170+09:00] iteration 1: rebuild-indexes --verify start
??injected env (11) from .env // tip: ??auth for agents [www.vestauth.com]
[?몃뜳???ъ깮???쒖옉] ?몃뜳???ъ깮??| ?뚯깮 ?몃뜳?ㅻ? ?ъ깮?깊빀?덈떎. state: C:\Users\hanji\Desktop\AF\state\pi-autoresearch | 2026-05-01T00:22:37.097Z
[?몃뜳???ъ깮???꾨즺] ?몃뜳???ъ깮??| ?뚯깮 ?몃뜳???ъ깮?깆쓣 留덉낀?듬땲?? state: C:\Users\hanji\Desktop\AF\state\pi-autoresearch | 2026-05-01T00:22:46.614Z
{
  "rebuilt": true,
  "stateRoot": "C:\\Users\\hanji\\Desktop\\AF\\state\\pi-autoresearch",
  "autonomousState": {
    "generatedAt": "2026-05-01T00:22:40.283Z",
    "activeChampionCandidateId": "cand-42ed2fa4",
    "activeChampionScore": 0.7879,
    "activeChampionDecision": "local_candidate_eligible",
    "championOrigin": "autonomous",
    "researchMaturity": "steady_state",
    "selectedBy": "auto_policy",
    "selectionPolicyVersion": "autonomous-local-first/v3-p0",
    "objectivePolicyVersion": "objective.qqq-120m/v1",
    "headEventCount": 2,
    "archiveEventCount": 278,
    "calibrationEventCount": 293,
    "calibrationCandidateCount": 265,
    "divergenceCount": 27,
    "localConfidenceUpdateCount": 27,
    "problemEventCount": 184,
    "repairAttemptCount": 86,
    "localEvaluationCount": 366,
    "localEligibleCount": 205,
    "bootstrapCompatibleCount": 0,
    "bootstrapEligibleCount": 0,
    "bootstrapStatus": "not_started",
    "bootstrapSource": null,
    "bootstrapReason": null,
    "localRejectedCount": 156,
    "topBlockingReason": "low_trade_count",
    "pendingCalibrationCandidateCount": 237,
    "pendingCalibrationCandidateIds": [
      "cand-0e6a0180",
      "cand-9f33e80b",
      "cand-772d8a1e",
      "cand-f28d2e01",
      "cand-9a5dbcc7",
      "cand-b01be933",
      "cand-0a692f84",
      "cand-4f8faae3",
      "cand-35a74bba",
      "cand-c6b25611",
      "cand-ccdae17b",
      "cand-b8102dcd",
      "cand-8a1fe27b",
      "cand-ebbdd6a9",
      "cand-80dfaaa1",
      "cand-03f30a70",
      "cand-2f290563",
      "cand-e76cded5",
      "cand-710d8bc6",
      "cand-dd7e63cf",
      "cand-949bf032",
      "cand-b14595e0",
      "cand-90dc4ec3",
      "cand-f1103886",
      "cand-77224b87",
      "cand-55f47b32",
      "cand-cb18c54a",
      "cand-8a1a7cf2",
      "cand-db12aa7d",
      "cand-eb3175fc",
      "cand-ce89005b",
      "cand-b333865d",
      "cand-14f5f8ff",
      "cand-87a7fa06",
      "cand-609d9f19",
      "cand-09a0ae17",
      "cand-fbb3fb78",
      "cand-7bff0c1a",
      "cand-6e976c42",
      "cand-eaf67b92",
      "cand-ea5075a8",
      "cand-c0d6f969",
      "cand-946579c0",
      "cand-1638111b",
      "cand-840b49c0",
      "cand-a1b63e8c",
      "cand-d3fa966c",
      "cand-af6ef21e",
      "cand-c5832df6",
      "cand-57321a8c",
      "cand-3004b0f8",
      "cand-00644032",
      "cand-6272ab0f",
      "cand-7b341ad0",
      "cand-5c90b0de",
      "cand-350b7e7b",
      "cand-05218055",
      "cand-6ebbd52a",
      "cand-9edd626e",
      "cand-5d685d8a",
      "cand-addb3d5a",
      "cand-1a03e904",
      "cand-935b6a7d",
      "cand-11e460d8",
      "cand-58484f09",
      "cand-c3549cdc",
      "cand-e000c048",
      "cand-5927e5ca",
      "cand-7ae4d6eb",
      "cand-bd3c959f",
      "cand-ad98c7fd",
      "cand-a3456179",
      "cand-fa19c7db",
      "cand-8211114e",
      "cand-737e8acc",
      "cand-9ae5abb8",
      "cand-f68c494c",
      "cand-0cb06744",
      "cand-c4540c5e",
      "cand-887ba798",
      "cand-334ff9ed",
      "cand-1e7bb092",
      "cand-940106ac",
      "cand-b1575fba",
      "cand-1c1cb560",
      "cand-2ba5ca56",
      "cand-4e158d7d",
      "cand-ee1867a5",
      "cand-ccf655ee",
      "cand-2f2f67f1",
      "cand-dd0d4883",
      "cand-9e390b78",
      "cand-2b509e63",
      "cand-a42bb737",
      "cand-ba65a405",
      "cand-95b5fcb4",
      "cand-c1decc14",
      "cand-fad40100",
      "cand-3d99c3c3",
      "cand-ed6ed300",
      "cand-36473405",
      "cand-32556840",
      "cand-056beb3f",
      "cand-fef34f1d",
      "cand-4e58abee",
      "cand-6c095f1d",
      "cand-72fdbd0a",
      "cand-1a73f98c",
      "cand-60e5fb9a",
      "cand-fbd6e1cd",
      "cand-6fa9e64c",
      "cand-b3ce6dfd",
      "cand-d7b18242",
      "cand-cddf1147",
      "cand-a2b17756",
      "cand-4106d658",
      "cand-bf2319b1",
      "cand-1be3a1ed",
      "cand-ec8276d1",
      "cand-66da2fad",
      "cand-10487d69",
      "cand-a0b082a6",
      "cand-e1c37158",
      "cand-3924bc09",
      "cand-c5a37a36",
      "cand-9f921b3b",
      "cand-976660f2",
      "cand-1fd659d1",
      "cand-1ebe3284",
      "cand-a05583cb",
      "cand-68e1f6c0",
      "cand-939bafa7",
      "cand-5dfb966e",
      "cand-ec9d7a77",
      "cand-c9bd8a69",
      "cand-cad467d1",
      "cand-30ca4ecf",
      "cand-274a3d78",
      "cand-8f6a1544",
      "cand-be21675f",
      "cand-17c07e8f",
      "cand-60166f81",
      "cand-8f82de94",
      "cand-42460886",
      "cand-9295e93d",
      "cand-5a54f71c",
      "cand-a12eacdf",
      "cand-5b236726",
      "cand-dbfe05b6",
      "cand-eb4f9103",
      "cand-294a8337",
      "cand-54d331f7",
      "cand-303f93be",
      "cand-64ceccd8",
      "cand-82301049",
      "cand-cb926322",
      "cand-9740ccd3",
      "cand-45f69d7a",
      "cand-8195e18c",
      "cand-9ad02865",
      "cand-b0561318",
      "cand-77645d5d",
      "cand-3913b48a",
      "cand-d8c529f0",
      "cand-3e0617a5",
      "cand-796b47d8",
      "cand-da5bc8a6",
      "cand-6385aa99",
      "cand-ce0fb6b8",
      "cand-f53efe87",
      "cand-541078ba",
      "cand-102cde43",
      "cand-99a518c8",
      "cand-45eae1ed",
      "cand-5fa9bbca",
      "cand-58a6bc67",
      "cand-e2e95d0b",
      "cand-e7d44996",
      "cand-4fd1f661",
      "cand-f8a32482",
      "cand-65221fbc",
      "cand-0dcbc429",
      "cand-7237f414",
      "cand-13ab4eb7",
      "cand-03a62626",
      "cand-74403bc5",
      "cand-08afa655",
      "cand-8fc0ffa2",
      "cand-6b8a91fa",
      "cand-6b160ae4",
      "cand-e4ab8440",
      "cand-292c094d",
      "cand-bf066e31",
      "cand-bf45bffc",
      "cand-33777180",
      "cand-67548c32",
      "cand-af1ed124",
      "cand-fd3f325b",
      "cand-e8320fab",
      "cand-51877b36",
      "cand-f80d7394",
      "cand-d2b04e0c",
      "cand-d865401d",
      "cand-c2337d4e",
      "cand-bd0f8191",
      "cand-2e68882f",
      "cand-94bc57ed",
      "cand-93a15ca5",
      "cand-197cf126",
      "cand-4e21422c",
      "cand-cc3ed2d8",
      "cand-ad84fefa",
      "cand-e3e4e13a",
      "cand-6d2901b8",
      "cand-c7985187",
      "cand-a3fa7fcf",
      "cand-2181b4f2",
      "cand-e803ef34",
      "cand-cc7eb308",
      "cand-8c710851",
      "cand-8045892e",
      "cand-17273829",
      "cand-e3d89e08",
      "cand-118d9dbb",
      "cand-1a318968",
      "cand-5665b571",
      "cand-80f55e73",
      "cand-74341bb6",
      "cand-6a470e0a",
      "cand-bac89ce5",
      "cand-9a0a92b6",
      "cand-91ef422b",
      "cand-63b039ec",
      "cand-5f4ecea5",
      "cand-eb5c0c9f",
      "cand-f7398180",
      "cand-b8e26ed1"
    ],
    "recentProblemKinds": [
      "local_backtest_fail",
      "local_backtest_fail",
      "local_backtest_fail",
      "local_backtest_fail",
      "pine_preflight_fail"
    ],
    "recentRepairResults": [
      {
        "repairKind": "entry_frequency_repair",
        "result": "success",
        "repairedCandidateId": "cand-91ef422b",
        "summary": "Requested entry_frequency_repair after local_backtest_fail."
      },
      {
        "repairKind": "entry_frequency_repair",
        "result": "success",
        "repairedCandidateId": "cand-63b039ec",
        "summary": "Requested entry_frequency_repair after local_backtest_fail."
      },
      {
        "repairKind": "entry_frequency_repair",
        "result": "success",
        "repairedCandidateId": "cand-5f4ecea5",
        "summary": "Requested entry_frequency_repair after local_backtest_fail."
      },
      {
        "repairKind": "entry_frequency_repair",
        "result": "success",
        "repairedCandidateId": "cand-eb5c0c9f",
        "summary": "Requested entry_frequency_repair after local_backtest_fail."
      },
      {
        "repairKind": "pine_source_repair",
        "result": "success",
        "repairedCandidateId": "cand-b8e26ed1",
        "summary": "Applied deterministic time-boxed preflight repair after blocking sparse event-source issues."
      }
    ],
    "scoreFeedbackObserved": true,
    "stage6Readiness": {
      "generatedAt": "2026-04-30T05:22:53.680Z",
      "evaluated": true,
      "passed": true,
      "mode": "deterministic",
      "countRequested": 10,
      "countCompleted": 10,
      "countFailed": 0,
      "activeChampionCandidateId": "cand-a64e2088",
      "freshBootstrapPassed": true,
      "multiIterationPassed": true,
      "rootIsolationPassed": true,
      "repairTraceabilityPassed": true,
      "calibrationQueuePassed": true,
      "scoreFeedbackPassed": true,
      "feedbackClosureRequired": false,
      "calibrationMode": "queue_only",
      "ledgerValidationPassed": true,
      "indexVerificationPassed": true,
      "rootIsolationStatus": {
        "status": "passed",
        "customStateRoot": "C:\\Users\\hanji\\AppData\\Local\\Temp\\af-stage6-state-YAZZ8Y",
        "defaultWorkspaceStateRoot": "C:\\Users\\hanji\\AppData\\Local\\Temp\\af-stage6-workspace-Nnkt1H\\state\\pi-autoresearch",
        "customContextExists": true,
        "defaultWorkspaceStateHasArtifacts": false
      },
      "repairTraceabilityStatus": {
        "status": "passed",
        "successfulRepairCount": 10,
        "successfulRepairsWithoutCandidateCount": 0
      },
      "feedbackClosureStatus": {
        "status": "passed",
        "required": false,
        "promptFeedbackObserved": true,
        "scoreBreakdownFeedbackObserved": false,
        "divergenceCount": 0,
        "confidenceUpdateCount": 0
      },
      "evidence": {
        "tempWorkspaceRoot": null,
        "tempStateRoot": null,
        "localEvaluationCount": 19,
        "headEventCount": 2,
        "archiveEventCount": 11,
        "calibrationEventCount": 2,
        "mutationBriefCount": 18,
        "problemEventCount": 18,
        "repairAttemptCount": 10,
        "deadlineBreachCount": 0
      },
      "warnings": []
    },
    "lastStage6GatePassed": true,
    "rootIsolationStatus": {
      "status": "passed",
      "customStateRoot": "C:\\Users\\hanji\\AppData\\Local\\Temp\\af-stage6-state-YAZZ8Y",
      "defaultWorkspaceStateRoot": "C:\\Users\\hanji\\AppData\\Local\\Temp\\af-stage6-workspace-Nnkt1H\\state\\pi-autoresearch",
      "customContextExists": true,
      "defaultWorkspaceStateHasArtifacts": false
    },
    "repairTraceabilityStatus": {
      "status": "passed",
      "successfulRepairCount": 10,
      "successfulRepairsWithoutCandidateCount": 0
    },
    "feedbackClosureStatus": {
      "status": "passed",
      "required": false,
      "promptFeedbackObserved": true,
      "scoreBreakdownFeedbackObserved": false,
      "divergenceCount": 0,
      "confidenceUpdateCount": 0
    },
    "nextPlannedAction": "local_compatibility_repair",
    "loopMode": "local-first",
    "defaultOperationalView": "v3_autonomous_local_first",
    "projectRoot": "C:\\Users\\hanji\\Desktop\\AF",
    "workspaceRoot": "C:\\Users\\hanji\\Desktop\\AF",
    "stateRoot": "C:\\Users\\hanji\\Desktop\\AF\\state\\pi-autoresearch",
    "traceRoot": "C:\\Users\\hanji\\Desktop\\AF\\state\\pi-autoresearch\\traces",
    "artifactRoot": "C:\\Users\\hanji\\Desktop\\AF\\state\\pi-autoresearch\\artifacts",
    "evidenceRoot": "C:\\Users\\hanji\\Desktop\\AF\\state\\pi-autoresearch\\evidence",
    "runtimeRoot": "C:\\Users\\hanji\\Desktop\\AF\\state\\pi-autoresearch\\runtime",
    "tvVerificationCount": 28,
    "tvHealth": "unavailable",
    "calibrationAutoProcess": false,
    "calibrationMode": "queue_only",
    "lastTvSurfaceFailure": {
      "candidateId": "cand-c6235b65",
      "decision": "tv_surface_failure",
      "iteration": 279,
      "tvCalibrationStatus": "surface_failure",
      "recordedAt": "2026-04-29T18:46:19.526Z"
    },
    "humanOverride": false
  },
  "verification": {
    "ok": true,
    "issues": []
  },
  "tracePath": "C:\\Users\\hanji\\Desktop\\AF\\state\\pi-autoresearch\\traces\\rebuild-indexes-2026-05-01T00-22-35-238Z-trace-929e740f.jsonl"
}
[2026-05-01T09:22:46.8126789+09:00] iteration 1: rebuild-indexes --verify exit=0
[2026-05-01T09:22:56.8375516+09:00] iteration 2: run-autonomous-loop start
??injected env (11) from .env // tip: ??auth for agents [www.vestauth.com]
[autonomous.loop.start] run-autonomous-loop | Starting autonomous local-first loop | 2026-05-01T00:22:57.089Z
[iteration.started] run-autonomous-loop | Starting autonomous iteration | 2026-05-01T00:22:57.090Z
[phase.started] run-autonomous-loop | Initializing autonomous workspace | 2026-05-01T00:22:57.100Z
[phase.completed] run-autonomous-loop | Initializing autonomous workspace | 2026-05-01T00:22:58.850Z
[phase.started] run-autonomous-loop | Generating autonomous mutation candidate | 2026-05-01T00:23:00.023Z
[autonomous.mutation.request] run-autonomous-loop | Sending autonomous mutation request | 2026-05-01T00:23:00.024Z
[autonomous.mutation.preflight_blocked] run-autonomous-loop | Pine ?앹꽦 ?ъ쟾 ?먭??먯꽌 李⑤떒 ?댁뒋瑜?諛쒓껄?덉뒿?덈떎. | 2026-05-01T00:25:00.441Z
[autonomous.mutation.preflight_deterministic_repair] run-autonomous-loop | Applied deterministic time-boxed mutation preflight repair | 2026-05-01T00:25:00.447Z
[phase.completed] run-autonomous-loop | Generating autonomous mutation candidate | 2026-05-01T00:25:00.455Z
[phase.started] run-autonomous-loop | Evaluating autonomous candidate locally | 2026-05-01T00:25:00.455Z
[autonomous.market_context_ready] run-autonomous-loop | Local-first market context is ready | 2026-05-01T00:25:00.463Z
[autonomous.local_evaluation] run-autonomous-loop | Local autonomous evaluation completed | 2026-05-01T00:25:00.540Z
[phase.completed] run-autonomous-loop | Evaluating autonomous candidate locally | 2026-05-01T00:25:00.574Z
[phase.started] run-autonomous-loop | Updating autonomous archive views | 2026-05-01T00:25:00.576Z
[phase.completed] run-autonomous-loop | Updating autonomous archive views | 2026-05-01T00:25:00.579Z
[phase.started] run-autonomous-loop | Queueing candidate for TradingView calibration | 2026-05-01T00:25:00.579Z
[phase.completed] run-autonomous-loop | Queueing candidate for TradingView calibration | 2026-05-01T00:25:00.583Z
[phase.started] run-autonomous-loop | Selecting active autonomous champion | 2026-05-01T00:25:01.475Z
[phase.completed] run-autonomous-loop | Selecting active autonomous champion | 2026-05-01T00:25:01.973Z
[phase.started] run-autonomous-loop | Rebuilding derived autonomous views | 2026-05-01T00:25:01.976Z
[phase.completed] run-autonomous-loop | Rebuilding derived autonomous views | 2026-05-01T00:25:04.033Z
[iteration.completed] run-autonomous-loop | Autonomous iteration completed | 2026-05-01T00:25:04.033Z
{
  "countRequested": 1,
  "countCompleted": 1,
  "countFailed": 0,
  "results": [
    {
      "runId": "autonomous-1777594977099",
      "iteration": 587,
      "candidateId": "cand-97e78627",
      "localDecision": "local_candidate_eligible",
      "activeChampionChanged": false,
      "activeChampionCandidateId": "cand-42ed2fa4"
    }
  ],
  "deadlineBreaches": [],
  "autonomousState": {
    "generatedAt": "2026-05-01T00:25:05.505Z",
    "activeChampionCandidateId": "cand-42ed2fa4",
    "activeChampionScore": 0.7879,
    "activeChampionDecision": "local_candidate_eligible",
    "championOrigin": "autonomous",
    "researchMaturity": "steady_state",
    "selectedBy": "auto_policy",
    "selectionPolicyVersion": "autonomous-local-first/v3-p0",
    "objectivePolicyVersion": "objective.qqq-120m/v1",
    "headEventCount": 2,
    "archiveEventCount": 279,
    "calibrationEventCount": 294,
    "calibrationCandidateCount": 266,
    "divergenceCount": 27,
    "localConfidenceUpdateCount": 27,
    "problemEventCount": 185,
    "repairAttemptCount": 87,
    "localEvaluationCount": 367,
    "localEligibleCount": 206,
    "bootstrapCompatibleCount": 0,
    "bootstrapEligibleCount": 0,
    "bootstrapStatus": "not_started",
    "bootstrapSource": null,
    "bootstrapReason": null,
    "localRejectedCount": 156,
    "topBlockingReason": "low_trade_count",
    "pendingCalibrationCandidateCount": 238,
    "pendingCalibrationCandidateIds": [
      "cand-0e6a0180",
      "cand-9f33e80b",
      "cand-772d8a1e",
      "cand-f28d2e01",
      "cand-9a5dbcc7",
      "cand-b01be933",
      "cand-0a692f84",
      "cand-4f8faae3",
      "cand-35a74bba",
      "cand-c6b25611",
      "cand-ccdae17b",
      "cand-b8102dcd",
      "cand-8a1fe27b",
      "cand-ebbdd6a9",
      "cand-80dfaaa1",
      "cand-03f30a70",
      "cand-2f290563",
      "cand-e76cded5",
      "cand-710d8bc6",
      "cand-dd7e63cf",
      "cand-949bf032",
      "cand-b14595e0",
      "cand-90dc4ec3",
      "cand-f1103886",
      "cand-77224b87",
      "cand-55f47b32",
      "cand-cb18c54a",
      "cand-8a1a7cf2",
      "cand-db12aa7d",
      "cand-eb3175fc",
      "cand-ce89005b",
      "cand-b333865d",
      "cand-14f5f8ff",
      "cand-87a7fa06",
      "cand-609d9f19",
      "cand-09a0ae17",
      "cand-fbb3fb78",
      "cand-7bff0c1a",
      "cand-6e976c42",
      "cand-eaf67b92",
      "cand-ea5075a8",
      "cand-c0d6f969",
      "cand-946579c0",
      "cand-1638111b",
      "cand-840b49c0",
      "cand-a1b63e8c",
      "cand-d3fa966c",
      "cand-af6ef21e",
      "cand-c5832df6",
      "cand-57321a8c",
      "cand-3004b0f8",
      "cand-00644032",
      "cand-6272ab0f",
      "cand-7b341ad0",
      "cand-5c90b0de",
      "cand-350b7e7b",
      "cand-05218055",
      "cand-6ebbd52a",
      "cand-9edd626e",
      "cand-5d685d8a",
      "cand-addb3d5a",
      "cand-1a03e904",
      "cand-935b6a7d",
      "cand-11e460d8",
      "cand-58484f09",
      "cand-c3549cdc",
      "cand-e000c048",
      "cand-5927e5ca",
      "cand-7ae4d6eb",
      "cand-bd3c959f",
      "cand-ad98c7fd",
      "cand-a3456179",
      "cand-fa19c7db",
      "cand-8211114e",
      "cand-737e8acc",
      "cand-9ae5abb8",
      "cand-f68c494c",
      "cand-0cb06744",
      "cand-c4540c5e",
      "cand-887ba798",
      "cand-334ff9ed",
      "cand-1e7bb092",
      "cand-940106ac",
      "cand-b1575fba",
      "cand-1c1cb560",
      "cand-2ba5ca56",
      "cand-4e158d7d",
      "cand-ee1867a5",
      "cand-ccf655ee",
      "cand-2f2f67f1",
      "cand-dd0d4883",
      "cand-9e390b78",
      "cand-2b509e63",
      "cand-a42bb737",
      "cand-ba65a405",
      "cand-95b5fcb4",
      "cand-c1decc14",
      "cand-fad40100",
      "cand-3d99c3c3",
      "cand-ed6ed300",
      "cand-36473405",
      "cand-32556840",
      "cand-056beb3f",
      "cand-fef34f1d",
      "cand-4e58abee",
      "cand-6c095f1d",
      "cand-72fdbd0a",
      "cand-1a73f98c",
      "cand-60e5fb9a",
      "cand-fbd6e1cd",
      "cand-6fa9e64c",
      "cand-b3ce6dfd",
      "cand-d7b18242",
      "cand-cddf1147",
      "cand-a2b17756",
      "cand-4106d658",
      "cand-bf2319b1",
      "cand-1be3a1ed",
      "cand-ec8276d1",
      "cand-66da2fad",
      "cand-10487d69",
      "cand-a0b082a6",
      "cand-e1c37158",
      "cand-3924bc09",
      "cand-c5a37a36",
      "cand-9f921b3b",
      "cand-976660f2",
      "cand-1fd659d1",
      "cand-1ebe3284",
      "cand-a05583cb",
      "cand-68e1f6c0",
      "cand-939bafa7",
      "cand-5dfb966e",
      "cand-ec9d7a77",
      "cand-c9bd8a69",
      "cand-cad467d1",
      "cand-30ca4ecf",
      "cand-274a3d78",
      "cand-8f6a1544",
      "cand-be21675f",
      "cand-17c07e8f",
      "cand-60166f81",
      "cand-8f82de94",
      "cand-42460886",
      "cand-9295e93d",
      "cand-5a54f71c",
      "cand-a12eacdf",
      "cand-5b236726",
      "cand-dbfe05b6",
      "cand-eb4f9103",
      "cand-294a8337",
      "cand-54d331f7",
      "cand-303f93be",
      "cand-64ceccd8",
      "cand-82301049",
      "cand-cb926322",
      "cand-9740ccd3",
      "cand-45f69d7a",
      "cand-8195e18c",
      "cand-9ad02865",
      "cand-b0561318",
      "cand-77645d5d",
      "cand-3913b48a",
      "cand-d8c529f0",
      "cand-3e0617a5",
      "cand-796b47d8",
      "cand-da5bc8a6",
      "cand-6385aa99",
      "cand-ce0fb6b8",
      "cand-f53efe87",
      "cand-541078ba",
      "cand-102cde43",
      "cand-99a518c8",
      "cand-45eae1ed",
      "cand-5fa9bbca",
      "cand-58a6bc67",
      "cand-e2e95d0b",
      "cand-e7d44996",
      "cand-4fd1f661",
      "cand-f8a32482",
      "cand-65221fbc",
      "cand-0dcbc429",
      "cand-7237f414",
      "cand-13ab4eb7",
      "cand-03a62626",
      "cand-74403bc5",
      "cand-08afa655",
      "cand-8fc0ffa2",
      "cand-6b8a91fa",
      "cand-6b160ae4",
      "cand-e4ab8440",
      "cand-292c094d",
      "cand-bf066e31",
      "cand-bf45bffc",
      "cand-33777180",
      "cand-67548c32",
      "cand-af1ed124",
      "cand-fd3f325b",
      "cand-e8320fab",
      "cand-51877b36",
      "cand-f80d7394",
      "cand-d2b04e0c",
      "cand-d865401d",
      "cand-c2337d4e",
      "cand-bd0f8191",
      "cand-2e68882f",
      "cand-94bc57ed",
      "cand-93a15ca5",
      "cand-197cf126",
      "cand-4e21422c",
      "cand-cc3ed2d8",
      "cand-ad84fefa",
      "cand-e3e4e13a",
      "cand-6d2901b8",
      "cand-c7985187",
      "cand-a3fa7fcf",
      "cand-2181b4f2",
      "cand-e803ef34",
      "cand-cc7eb308",
      "cand-8c710851",
      "cand-8045892e",
      "cand-17273829",
      "cand-e3d89e08",
      "cand-118d9dbb",
      "cand-1a318968",
      "cand-5665b571",
      "cand-80f55e73",
      "cand-74341bb6",
      "cand-6a470e0a",
      "cand-bac89ce5",
      "cand-9a0a92b6",
      "cand-91ef422b",
      "cand-63b039ec",
      "cand-5f4ecea5",
      "cand-eb5c0c9f",
      "cand-f7398180",
      "cand-b8e26ed1",
      "cand-97e78627"
    ],
    "recentProblemKinds": [
      "local_backtest_fail",
      "local_backtest_fail",
      "local_backtest_fail",
      "pine_preflight_fail",
      "pine_preflight_fail"
    ],
    "recentRepairResults": [
      {
        "repairKind": "entry_frequency_repair",
        "result": "success",
        "repairedCandidateId": "cand-63b039ec",
        "summary": "Requested entry_frequency_repair after local_backtest_fail."
      },
      {
        "repairKind": "entry_frequency_repair",
        "result": "success",
        "repairedCandidateId": "cand-5f4ecea5",
        "summary": "Requested entry_frequency_repair after local_backtest_fail."
      },
      {
        "repairKind": "entry_frequency_repair",
        "result": "success",
        "repairedCandidateId": "cand-eb5c0c9f",
        "summary": "Requested entry_frequency_repair after local_backtest_fail."
      },
      {
        "repairKind": "pine_source_repair",
        "result": "success",
        "repairedCandidateId": "cand-b8e26ed1",
        "summary": "Applied deterministic time-boxed preflight repair after blocking sparse event-source issues."
      },
      {
        "repairKind": "pine_source_repair",
        "result": "success",
        "repairedCandidateId": "cand-97e78627",
        "summary": "Applied deterministic time-boxed preflight repair after blocking sparse event-source issues."
      }
    ],
    "scoreFeedbackObserved": true,
    "stage6Readiness": {
      "generatedAt": "2026-04-30T05:22:53.680Z",
      "evaluated": true,
      "passed": true,
      "mode": "deterministic",
      "countRequested": 10,
      "countCompleted": 10,
      "countFailed": 0,
      "activeChampionCandidateId": "cand-a64e2088",
      "freshBootstrapPassed": true,
      "multiIterationPassed": true,
      "rootIsolationPassed": true,
      "repairTraceabilityPassed": true,
      "calibrationQueuePassed": true,
      "scoreFeedbackPassed": true,
      "feedbackClosureRequired": false,
      "calibrationMode": "queue_only",
      "ledgerValidationPassed": true,
      "indexVerificationPassed": true,
      "rootIsolationStatus": {
        "status": "passed",
        "customStateRoot": "C:\\Users\\hanji\\AppData\\Local\\Temp\\af-stage6-state-YAZZ8Y",
        "defaultWorkspaceStateRoot": "C:\\Users\\hanji\\AppData\\Local\\Temp\\af-stage6-workspace-Nnkt1H\\state\\pi-autoresearch",
        "customContextExists": true,
        "defaultWorkspaceStateHasArtifacts": false
      },
      "repairTraceabilityStatus": {
        "status": "passed",
        "successfulRepairCount": 10,
        "successfulRepairsWithoutCandidateCount": 0
      },
      "feedbackClosureStatus": {
        "status": "passed",
        "required": false,
        "promptFeedbackObserved": true,
        "scoreBreakdownFeedbackObserved": false,
        "divergenceCount": 0,
        "confidenceUpdateCount": 0
      },
      "evidence": {
        "tempWorkspaceRoot": null,
        "tempStateRoot": null,
        "localEvaluationCount": 19,
        "headEventCount": 2,
        "archiveEventCount": 11,
        "calibrationEventCount": 2,
        "mutationBriefCount": 18,
        "problemEventCount": 18,
        "repairAttemptCount": 10,
        "deadlineBreachCount": 0
      },
      "warnings": []
    },
    "lastStage6GatePassed": true,
    "rootIsolationStatus": {
      "status": "passed",
      "customStateRoot": "C:\\Users\\hanji\\AppData\\Local\\Temp\\af-stage6-state-YAZZ8Y",
      "defaultWorkspaceStateRoot": "C:\\Users\\hanji\\AppData\\Local\\Temp\\af-stage6-workspace-Nnkt1H\\state\\pi-autoresearch",
      "customContextExists": true,
      "defaultWorkspaceStateHasArtifacts": false
    },
    "repairTraceabilityStatus": {
      "status": "passed",
      "successfulRepairCount": 10,
      "successfulRepairsWithoutCandidateCount": 0
    },
    "feedbackClosureStatus": {
      "status": "passed",
      "required": false,
      "promptFeedbackObserved": true,
      "scoreBreakdownFeedbackObserved": false,
      "divergenceCount": 0,
      "confidenceUpdateCount": 0
    },
    "nextPlannedAction": "local_compatibility_repair",
    "loopMode": "local-first",
    "defaultOperationalView": "v3_autonomous_local_first",
    "projectRoot": "C:\\Users\\hanji\\Desktop\\AF",
    "workspaceRoot": "C:\\Users\\hanji\\Desktop\\AF",
    "stateRoot": "C:\\Users\\hanji\\Desktop\\AF\\state\\pi-autoresearch",
    "traceRoot": "C:\\Users\\hanji\\Desktop\\AF\\state\\pi-autoresearch\\traces",
    "artifactRoot": "C:\\Users\\hanji\\Desktop\\AF\\state\\pi-autoresearch\\artifacts",
    "evidenceRoot": "C:\\Users\\hanji\\Desktop\\AF\\state\\pi-autoresearch\\evidence",
    "runtimeRoot": "C:\\Users\\hanji\\Desktop\\AF\\state\\pi-autoresearch\\runtime",
    "tvVerificationCount": 28,
    "tvHealth": "unavailable",
    "calibrationAutoProcess": false,
    "calibrationMode": "queue_only",
    "lastTvSurfaceFailure": {
      "candidateId": "cand-c6235b65",
      "decision": "tv_surface_failure",
      "iteration": 279,
      "tvCalibrationStatus": "surface_failure",
      "recordedAt": "2026-04-29T18:46:19.526Z"
    },
    "humanOverride": false
  },
  "tracePath": "C:\\Users\\hanji\\Desktop\\AF\\state\\pi-autoresearch\\traces\\run-autonomous-loop-2026-05-01T00-22-57-088Z-trace-51f5d229.jsonl"
}
[2026-05-01T09:25:06.2675182+09:00] iteration 2: run-autonomous-loop exit=0
[2026-05-01T09:25:06.2675182+09:00] iteration 2: validate-ledger start
??injected env (11) from .env // tip: ??multiple files { path: ['.env.local', '.env'] }
[ledger.validation] validate-ledger | Ledger validation completed | 2026-05-01T00:25:09.512Z
{
  "ok": true,
  "errorCount": 0,
  "warningCount": 6,
  "issues": [
    {
      "severity": "warning",
      "scope": "experiment-record-meta",
      "recordId": "cand-f918d6d8",
      "message": "recordHash does not match the serialized experiment record."
    },
    {
      "severity": "warning",
      "scope": "experiment-record-meta",
      "recordId": "cand-3f99a396",
      "message": "recordHash does not match the serialized experiment record."
    },
    {
      "severity": "warning",
      "scope": "experiment-record-meta",
      "recordId": "cand-93a71a19",
      "message": "recordHash does not match the serialized experiment record."
    },
    {
      "severity": "warning",
      "scope": "experiment-record-meta",
      "recordId": "cand-560e2d3b",
      "message": "recordHash does not match the serialized experiment record."
    },
    {
      "severity": "warning",
      "scope": "experiment-record-meta",
      "recordId": "cand-24b4021d",
      "message": "recordHash does not match the serialized experiment record."
    },
    {
      "severity": "warning",
      "scope": "candidate-dedup",
      "recordId": "bfee8f4eb7eabba2047b8b2270beef764a3942811cda8134d75c15c171c0c26a",
      "message": "Duplicate candidate source hash detected across ids: cand-2a5e6ffe, cand-51397d04, cand-9cbc4c5f, cand-a93778fa, cand-bbb67c15, cand-fdc1ae65"
    }
  ],
  "summary": {
    "experiments": 587,
    "candidates": 537,
    "taskBatches": 131
  },
  "stateRoot": "C:\\Users\\hanji\\Desktop\\AF\\state\\pi-autoresearch",
  "tracePath": "C:\\Users\\hanji\\Desktop\\AF\\state\\pi-autoresearch\\traces\\validate-ledger-2026-05-01T00-25-06-524Z-trace-70ef570e.jsonl"
}
[2026-05-01T09:25:09.5887355+09:00] iteration 2: validate-ledger exit=0
[2026-05-01T09:25:09.5897389+09:00] iteration 2: rebuild-indexes --verify start
??injected env (11) from .env // tip: ??multiple files { path: ['.env.local', '.env'] }
[?몃뜳???ъ깮???쒖옉] ?몃뜳???ъ깮??| ?뚯깮 ?몃뜳?ㅻ? ?ъ깮?깊빀?덈떎. state: C:\Users\hanji\Desktop\AF\state\pi-autoresearch | 2026-05-01T00:25:11.517Z
[?몃뜳???ъ깮???꾨즺] ?몃뜳???ъ깮??| ?뚯깮 ?몃뜳???ъ깮?깆쓣 留덉낀?듬땲?? state: C:\Users\hanji\Desktop\AF\state\pi-autoresearch | 2026-05-01T00:25:20.396Z
{
  "rebuilt": true,
  "stateRoot": "C:\\Users\\hanji\\Desktop\\AF\\state\\pi-autoresearch",
  "autonomousState": {
    "generatedAt": "2026-05-01T00:25:14.473Z",
    "activeChampionCandidateId": "cand-42ed2fa4",
    "activeChampionScore": 0.7879,
    "activeChampionDecision": "local_candidate_eligible",
    "championOrigin": "autonomous",
    "researchMaturity": "steady_state",
    "selectedBy": "auto_policy",
    "selectionPolicyVersion": "autonomous-local-first/v3-p0",
    "objectivePolicyVersion": "objective.qqq-120m/v1",
    "headEventCount": 2,
    "archiveEventCount": 279,
    "calibrationEventCount": 294,
    "calibrationCandidateCount": 266,
    "divergenceCount": 27,
    "localConfidenceUpdateCount": 27,
    "problemEventCount": 185,
    "repairAttemptCount": 87,
    "localEvaluationCount": 367,
    "localEligibleCount": 206,
    "bootstrapCompatibleCount": 0,
    "bootstrapEligibleCount": 0,
    "bootstrapStatus": "not_started",
    "bootstrapSource": null,
    "bootstrapReason": null,
    "localRejectedCount": 156,
    "topBlockingReason": "low_trade_count",
    "pendingCalibrationCandidateCount": 238,
    "pendingCalibrationCandidateIds": [
      "cand-0e6a0180",
      "cand-9f33e80b",
      "cand-772d8a1e",
      "cand-f28d2e01",
      "cand-9a5dbcc7",
      "cand-b01be933",
      "cand-0a692f84",
      "cand-4f8faae3",
      "cand-35a74bba",
      "cand-c6b25611",
      "cand-ccdae17b",
      "cand-b8102dcd",
      "cand-8a1fe27b",
      "cand-ebbdd6a9",
      "cand-80dfaaa1",
      "cand-03f30a70",
      "cand-2f290563",
      "cand-e76cded5",
      "cand-710d8bc6",
      "cand-dd7e63cf",
      "cand-949bf032",
      "cand-b14595e0",
      "cand-90dc4ec3",
      "cand-f1103886",
      "cand-77224b87",
      "cand-55f47b32",
      "cand-cb18c54a",
      "cand-8a1a7cf2",
      "cand-db12aa7d",
      "cand-eb3175fc",
      "cand-ce89005b",
      "cand-b333865d",
      "cand-14f5f8ff",
      "cand-87a7fa06",
      "cand-609d9f19",
      "cand-09a0ae17",
      "cand-fbb3fb78",
      "cand-7bff0c1a",
      "cand-6e976c42",
      "cand-eaf67b92",
      "cand-ea5075a8",
      "cand-c0d6f969",
      "cand-946579c0",
      "cand-1638111b",
      "cand-840b49c0",
      "cand-a1b63e8c",
      "cand-d3fa966c",
      "cand-af6ef21e",
      "cand-c5832df6",
      "cand-57321a8c",
      "cand-3004b0f8",
      "cand-00644032",
      "cand-6272ab0f",
      "cand-7b341ad0",
      "cand-5c90b0de",
      "cand-350b7e7b",
      "cand-05218055",
      "cand-6ebbd52a",
      "cand-9edd626e",
      "cand-5d685d8a",
      "cand-addb3d5a",
      "cand-1a03e904",
      "cand-935b6a7d",
      "cand-11e460d8",
      "cand-58484f09",
      "cand-c3549cdc",
      "cand-e000c048",
      "cand-5927e5ca",
      "cand-7ae4d6eb",
      "cand-bd3c959f",
      "cand-ad98c7fd",
      "cand-a3456179",
      "cand-fa19c7db",
      "cand-8211114e",
      "cand-737e8acc",
      "cand-9ae5abb8",
      "cand-f68c494c",
      "cand-0cb06744",
      "cand-c4540c5e",
      "cand-887ba798",
      "cand-334ff9ed",
      "cand-1e7bb092",
      "cand-940106ac",
      "cand-b1575fba",
      "cand-1c1cb560",
      "cand-2ba5ca56",
      "cand-4e158d7d",
      "cand-ee1867a5",
      "cand-ccf655ee",
      "cand-2f2f67f1",
      "cand-dd0d4883",
      "cand-9e390b78",
      "cand-2b509e63",
      "cand-a42bb737",
      "cand-ba65a405",
      "cand-95b5fcb4",
      "cand-c1decc14",
      "cand-fad40100",
      "cand-3d99c3c3",
      "cand-ed6ed300",
      "cand-36473405",
      "cand-32556840",
      "cand-056beb3f",
      "cand-fef34f1d",
      "cand-4e58abee",
      "cand-6c095f1d",
      "cand-72fdbd0a",
      "cand-1a73f98c",
      "cand-60e5fb9a",
      "cand-fbd6e1cd",
      "cand-6fa9e64c",
      "cand-b3ce6dfd",
      "cand-d7b18242",
      "cand-cddf1147",
      "cand-a2b17756",
      "cand-4106d658",
      "cand-bf2319b1",
      "cand-1be3a1ed",
      "cand-ec8276d1",
      "cand-66da2fad",
      "cand-10487d69",
      "cand-a0b082a6",
      "cand-e1c37158",
      "cand-3924bc09",
      "cand-c5a37a36",
      "cand-9f921b3b",
      "cand-976660f2",
      "cand-1fd659d1",
      "cand-1ebe3284",
      "cand-a05583cb",
      "cand-68e1f6c0",
      "cand-939bafa7",
      "cand-5dfb966e",
      "cand-ec9d7a77",
      "cand-c9bd8a69",
      "cand-cad467d1",
      "cand-30ca4ecf",
      "cand-274a3d78",
      "cand-8f6a1544",
      "cand-be21675f",
      "cand-17c07e8f",
      "cand-60166f81",
      "cand-8f82de94",
      "cand-42460886",
      "cand-9295e93d",
      "cand-5a54f71c",
      "cand-a12eacdf",
      "cand-5b236726",
      "cand-dbfe05b6",
      "cand-eb4f9103",
      "cand-294a8337",
      "cand-54d331f7",
      "cand-303f93be",
      "cand-64ceccd8",
      "cand-82301049",
      "cand-cb926322",
      "cand-9740ccd3",
      "cand-45f69d7a",
      "cand-8195e18c",
      "cand-9ad02865",
      "cand-b0561318",
      "cand-77645d5d",
      "cand-3913b48a",
      "cand-d8c529f0",
      "cand-3e0617a5",
      "cand-796b47d8",
      "cand-da5bc8a6",
      "cand-6385aa99",
      "cand-ce0fb6b8",
      "cand-f53efe87",
      "cand-541078ba",
      "cand-102cde43",
      "cand-99a518c8",
      "cand-45eae1ed",
      "cand-5fa9bbca",
      "cand-58a6bc67",
      "cand-e2e95d0b",
      "cand-e7d44996",
      "cand-4fd1f661",
      "cand-f8a32482",
      "cand-65221fbc",
      "cand-0dcbc429",
      "cand-7237f414",
      "cand-13ab4eb7",
      "cand-03a62626",
      "cand-74403bc5",
      "cand-08afa655",
      "cand-8fc0ffa2",
      "cand-6b8a91fa",
      "cand-6b160ae4",
      "cand-e4ab8440",
      "cand-292c094d",
      "cand-bf066e31",
      "cand-bf45bffc",
      "cand-33777180",
      "cand-67548c32",
      "cand-af1ed124",
      "cand-fd3f325b",
      "cand-e8320fab",
      "cand-51877b36",
      "cand-f80d7394",
      "cand-d2b04e0c",
      "cand-d865401d",
      "cand-c2337d4e",
      "cand-bd0f8191",
      "cand-2e68882f",
      "cand-94bc57ed",
      "cand-93a15ca5",
      "cand-197cf126",
      "cand-4e21422c",
      "cand-cc3ed2d8",
      "cand-ad84fefa",
      "cand-e3e4e13a",
      "cand-6d2901b8",
      "cand-c7985187",
      "cand-a3fa7fcf",
      "cand-2181b4f2",
      "cand-e803ef34",
      "cand-cc7eb308",
      "cand-8c710851",
      "cand-8045892e",
      "cand-17273829",
      "cand-e3d89e08",
      "cand-118d9dbb",
      "cand-1a318968",
      "cand-5665b571",
      "cand-80f55e73",
      "cand-74341bb6",
      "cand-6a470e0a",
      "cand-bac89ce5",
      "cand-9a0a92b6",
      "cand-91ef422b",
      "cand-63b039ec",
      "cand-5f4ecea5",
      "cand-eb5c0c9f",
      "cand-f7398180",
      "cand-b8e26ed1",
      "cand-97e78627"
    ],
    "recentProblemKinds": [
      "local_backtest_fail",
      "local_backtest_fail",
      "local_backtest_fail",
      "pine_preflight_fail",
      "pine_preflight_fail"
    ],
    "recentRepairResults": [
      {
        "repairKind": "entry_frequency_repair",
        "result": "success",
        "repairedCandidateId": "cand-63b039ec",
        "summary": "Requested entry_frequency_repair after local_backtest_fail."
      },
      {
        "repairKind": "entry_frequency_repair",
        "result": "success",
        "repairedCandidateId": "cand-5f4ecea5",
        "summary": "Requested entry_frequency_repair after local_backtest_fail."
      },
      {
        "repairKind": "entry_frequency_repair",
        "result": "success",
        "repairedCandidateId": "cand-eb5c0c9f",
        "summary": "Requested entry_frequency_repair after local_backtest_fail."
      },
      {
        "repairKind": "pine_source_repair",
        "result": "success",
        "repairedCandidateId": "cand-b8e26ed1",
        "summary": "Applied deterministic time-boxed preflight repair after blocking sparse event-source issues."
      },
      {
        "repairKind": "pine_source_repair",
        "result": "success",
        "repairedCandidateId": "cand-97e78627",
        "summary": "Applied deterministic time-boxed preflight repair after blocking sparse event-source issues."
      }
    ],
    "scoreFeedbackObserved": true,
    "stage6Readiness": {
      "generatedAt": "2026-04-30T05:22:53.680Z",
      "evaluated": true,
      "passed": true,
      "mode": "deterministic",
      "countRequested": 10,
      "countCompleted": 10,
      "countFailed": 0,
      "activeChampionCandidateId": "cand-a64e2088",
      "freshBootstrapPassed": true,
      "multiIterationPassed": true,
      "rootIsolationPassed": true,
      "repairTraceabilityPassed": true,
      "calibrationQueuePassed": true,
      "scoreFeedbackPassed": true,
      "feedbackClosureRequired": false,
      "calibrationMode": "queue_only",
      "ledgerValidationPassed": true,
      "indexVerificationPassed": true,
      "rootIsolationStatus": {
        "status": "passed",
        "customStateRoot": "C:\\Users\\hanji\\AppData\\Local\\Temp\\af-stage6-state-YAZZ8Y",
        "defaultWorkspaceStateRoot": "C:\\Users\\hanji\\AppData\\Local\\Temp\\af-stage6-workspace-Nnkt1H\\state\\pi-autoresearch",
        "customContextExists": true,
        "defaultWorkspaceStateHasArtifacts": false
      },
      "repairTraceabilityStatus": {
        "status": "passed",
        "successfulRepairCount": 10,
        "successfulRepairsWithoutCandidateCount": 0
      },
      "feedbackClosureStatus": {
        "status": "passed",
        "required": false,
        "promptFeedbackObserved": true,
        "scoreBreakdownFeedbackObserved": false,
        "divergenceCount": 0,
        "confidenceUpdateCount": 0
      },
      "evidence": {
        "tempWorkspaceRoot": null,
        "tempStateRoot": null,
        "localEvaluationCount": 19,
        "headEventCount": 2,
        "archiveEventCount": 11,
        "calibrationEventCount": 2,
        "mutationBriefCount": 18,
        "problemEventCount": 18,
        "repairAttemptCount": 10,
        "deadlineBreachCount": 0
      },
      "warnings": []
    },
    "lastStage6GatePassed": true,
    "rootIsolationStatus": {
      "status": "passed",
      "customStateRoot": "C:\\Users\\hanji\\AppData\\Local\\Temp\\af-stage6-state-YAZZ8Y",
      "defaultWorkspaceStateRoot": "C:\\Users\\hanji\\AppData\\Local\\Temp\\af-stage6-workspace-Nnkt1H\\state\\pi-autoresearch",
      "customContextExists": true,
      "defaultWorkspaceStateHasArtifacts": false
    },
    "repairTraceabilityStatus": {
      "status": "passed",
      "successfulRepairCount": 10,
      "successfulRepairsWithoutCandidateCount": 0
    },
    "feedbackClosureStatus": {
      "status": "passed",
      "required": false,
      "promptFeedbackObserved": true,
      "scoreBreakdownFeedbackObserved": false,
      "divergenceCount": 0,
      "confidenceUpdateCount": 0
    },
    "nextPlannedAction": "local_compatibility_repair",
    "loopMode": "local-first",
    "defaultOperationalView": "v3_autonomous_local_first",
    "projectRoot": "C:\\Users\\hanji\\Desktop\\AF",
    "workspaceRoot": "C:\\Users\\hanji\\Desktop\\AF",
    "stateRoot": "C:\\Users\\hanji\\Desktop\\AF\\state\\pi-autoresearch",
    "traceRoot": "C:\\Users\\hanji\\Desktop\\AF\\state\\pi-autoresearch\\traces",
    "artifactRoot": "C:\\Users\\hanji\\Desktop\\AF\\state\\pi-autoresearch\\artifacts",
    "evidenceRoot": "C:\\Users\\hanji\\Desktop\\AF\\state\\pi-autoresearch\\evidence",
    "runtimeRoot": "C:\\Users\\hanji\\Desktop\\AF\\state\\pi-autoresearch\\runtime",
    "tvVerificationCount": 28,
    "tvHealth": "unavailable",
    "calibrationAutoProcess": false,
    "calibrationMode": "queue_only",
    "lastTvSurfaceFailure": {
      "candidateId": "cand-c6235b65",
      "decision": "tv_surface_failure",
      "iteration": 279,
      "tvCalibrationStatus": "surface_failure",
      "recordedAt": "2026-04-29T18:46:19.526Z"
    },
    "humanOverride": false
  },
  "verification": {
    "ok": true,
    "issues": []
  },
  "tracePath": "C:\\Users\\hanji\\Desktop\\AF\\state\\pi-autoresearch\\traces\\rebuild-indexes-2026-05-01T00-25-09-824Z-trace-f14b69cc.jsonl"
}
[2026-05-01T09:25:20.5701671+09:00] iteration 2: rebuild-indexes --verify exit=0
[2026-05-01T09:25:30.5779094+09:00] stop file detected; exiting
[2026-05-01T09:25:30.5814311+09:00] autonomous forever loop stopped
